../Core/Src/main.c:246:6:HAL_SYSTICK_Callback	8	static
../Core/Src/main.c:282:6:MX_BomBay_Door_Open	16	static
../Core/Src/main.c:305:6:MX_BomBay_Door_Close	16	static
../Core/Src/main.c:343:6:MX_WINCH_DOWN_GP_RAMP_UP	32	static
../Core/Src/main.c:366:6:MX_WINCH_DOWN_MOTO_RAMP_UP_DOWN	48	static
../Core/Src/main.c:395:6:MX_WINCH_UP_MOTO_RAMP_UP_DOWN	40	static
../Core/Src/main.c:467:6:HAL_TIM_IC_CaptureCallback	8	static
../Core/Src/main.c:476:6:GPIO_Init	32	static
../Core/Src/main.c:543:6:Timer3_Init	16	static
../Core/Src/main.c:595:6:Timer2_Init	56	static
../Core/Src/main.c:656:6:SystemClockConfig	88	static
../Core/Src/main.c:809:6:LSE_Config	0	static
../Core/Src/main.c:827:6:UART2_Init	8	static
../Core/Src/main.c:845:6:UART1_Init	8	static
../Core/Src/main.c:156:6:Universal_Inits	8	static
../Core/Src/main.c:169:5:main	16	static
../Core/Src/main.c:863:6:Error_handler	0	static
../Core/Src/main.c:869:6:MX_Jump	0	static
