../Core/Src/main.c:286:6:MX_SYS_Input	48	static
../Core/Src/main.c:346:6:HAL_TIM_IC_CaptureCallback	24	static
../Core/Src/main.c:420:6:HAL_SYSTICK_Callback	32	static
../Core/Src/main.c:479:6:MX_WINCH_START_SEQ	0	static
../Core/Src/main.c:493:6:MX_WINCH_UP_NO_PAYLOAD	8	static
../Core/Src/main.c:498:6:MX_BomBay_Door_Open	16	static
../Core/Src/main.c:521:6:MX_BomBay_Door_Close	16	static
../Core/Src/main.c:561:6:MX_WINCH_RESTART	8	static,ignoring_inline_asm
../Core/Src/main.c:569:6:MX_WINCH_DOWN_GP_RAMP_UP	48	static
../Core/Src/main.c:594:6:MX_WINCH_DOWN_MOTO_RAMP_UP_DOWN	48	static
../Core/Src/main.c:666:6:MX_WINCH_UP_MOTO_RAMP_UP_DOWN	48	static,ignoring_inline_asm
../Core/Src/main.c:745:6:GPIO_Init	32	static
../Core/Src/main.c:812:6:Timer3_Init	16	static,ignoring_inline_asm
../Core/Src/main.c:864:6:Timer2_Init	56	static,ignoring_inline_asm
../Core/Src/main.c:925:6:Timer4_Init	40	static,ignoring_inline_asm
../Core/Src/main.c:1020:6:SystemClockConfig	88	static,ignoring_inline_asm
../Core/Src/main.c:1173:6:LSE_Config	0	static
../Core/Src/main.c:1191:6:UART2_Init	8	static,ignoring_inline_asm
../Core/Src/main.c:1209:6:UART1_Init	8	static,ignoring_inline_asm
../Core/Src/main.c:175:6:Universal_Inits	40	static,ignoring_inline_asm
../Core/Src/main.c:192:5:main	8	static,ignoring_inline_asm
../Core/Src/main.c:1227:6:Error_handler	0	static,ignoring_inline_asm
../Core/Src/main.c:1234:6:MX_Jump	0	static,ignoring_inline_asm
