../Core/Src/main.c:162:6:Universal_Inits	8	static
../Core/Src/main.c:175:5:main	16	static
../Core/Src/main.c:254:6:HAL_SYSTICK_Callback	8	static
../Core/Src/main.c:290:6:MX_BomBay_Door_Open	16	static
../Core/Src/main.c:313:6:MX_BomBay_Door_Close	16	static
../Core/Src/main.c:351:6:MX_WINCH_DOWN_GP_RAMP_UP	16	static
../Core/Src/main.c:374:6:MX_WINCH_DOWN_MOTO_RAMP_UP_DOWN	16	static
../Core/Src/main.c:406:6:MX_WINCH_UP_MOTO_RAMP_UP_DOWN	24	static
../Core/Src/main.c:478:6:HAL_TIM_IC_CaptureCallback	16	static
../Core/Src/main.c:487:6:GPIO_Init	16	static
../Core/Src/main.c:554:6:Timer3_Init	8	static
../Core/Src/main.c:606:6:Timer2_Init	56	static
../Core/Src/main.c:667:6:SystemClockConfig	96	static
../Core/Src/main.c:820:6:LSE_Config	8	static
../Core/Src/main.c:838:6:UART2_Init	8	static
../Core/Src/main.c:856:6:UART1_Init	8	static
../Core/Src/main.c:874:6:Error_handler	4	static
../Core/Src/main.c:880:6:MX_Jump	4	static
