../Core/Src/main.c:150:6:Universal_Inits	8	static
../Core/Src/main.c:164:5:main	16	static
../Core/Src/main.c:253:6:HAL_TIM_IC_CaptureCallback	24	static
../Core/Src/main.c:317:6:HAL_SYSTICK_Callback	8	static
../Core/Src/main.c:353:6:MX_BomBay_Door_Open	16	static
../Core/Src/main.c:376:6:MX_BomBay_Door_Close	16	static
../Core/Src/main.c:415:6:MX_WINCH_DOWN_GP_RAMP_UP	16	static
../Core/Src/main.c:438:6:MX_WINCH_DOWN_MOTO_RAMP_UP_DOWN	16	static
../Core/Src/main.c:473:6:MX_WINCH_UP_MOTO_RAMP_UP_DOWN	24	static
../Core/Src/main.c:543:6:GPIO_Init	16	static
../Core/Src/main.c:610:6:Timer3_Init	8	static
../Core/Src/main.c:662:6:Timer2_Init	56	static
../Core/Src/main.c:723:6:Timer4_Init	32	static
../Core/Src/main.c:758:6:SystemClockConfig	96	static
../Core/Src/main.c:911:6:LSE_Config	8	static
../Core/Src/main.c:929:6:UART2_Init	8	static
../Core/Src/main.c:947:6:UART1_Init	8	static
../Core/Src/main.c:965:6:Error_handler	4	static
../Core/Src/main.c:972:6:MX_Jump	4	static
