../Core/Src/main.c:173:6:Universal_Inits	8	static
../Core/Src/main.c:190:5:main	16	static
../Core/Src/main.c:280:6:MX_SYS_Input	24	static
../Core/Src/main.c:340:6:HAL_TIM_IC_CaptureCallback	24	static
../Core/Src/main.c:408:6:HAL_SYSTICK_Callback	4	static
../Core/Src/main.c:453:6:MX_WINCH_START_SEQ	4	static
../Core/Src/main.c:464:6:MX_WINCH_UP_NO_PAYLOAD	16	static
../Core/Src/main.c:469:6:MX_BomBay_Door_Open	16	static
../Core/Src/main.c:492:6:MX_BomBay_Door_Close	16	static
../Core/Src/main.c:533:6:MX_WINCH_DOWN_GP_RAMP_UP	32	static
../Core/Src/main.c:557:6:MX_WINCH_DOWN_MOTO_RAMP_UP_DOWN	32	static
../Core/Src/main.c:618:6:MX_WINCH_UP_MOTO_RAMP_UP_DOWN	40	static
../Core/Src/main.c:696:6:GPIO_Init	16	static
../Core/Src/main.c:763:6:Timer3_Init	8	static
../Core/Src/main.c:815:6:Timer2_Init	56	static
../Core/Src/main.c:876:6:Timer4_Init	32	static
../Core/Src/main.c:916:13:MX_ADC1_Init	24	static
../Core/Src/main.c:956:13:MX_DMA_Init	16	static
../Core/Src/main.c:971:6:SystemClockConfig	96	static
../Core/Src/main.c:1124:6:LSE_Config	8	static
../Core/Src/main.c:1142:6:UART2_Init	8	static
../Core/Src/main.c:1160:6:UART1_Init	8	static
../Core/Src/main.c:1178:6:Error_handler	4	static,ignoring_inline_asm
../Core/Src/main.c:1185:6:MX_Jump	4	static,ignoring_inline_asm
