../Core/Src/main.c:138:6:Universal_Inits	8	static
../Core/Src/main.c:151:5:main	16	static
../Core/Src/main.c:227:6:HAL_SYSTICK_Callback	8	static
../Core/Src/main.c:263:6:MX_BomBay_Door_Open	16	static
../Core/Src/main.c:286:6:MX_BomBay_Door_Close	16	static
../Core/Src/main.c:324:6:MX_WINCH_DOWN_GP_RAMP_UP	16	static
../Core/Src/main.c:347:6:MX_WINCH_DOWN_MOTO_RAMP_UP_DOWN	16	static
../Core/Src/main.c:376:6:MX_WINCH_UP_MOTO_RAMP_UP_DOWN	24	static
../Core/Src/main.c:448:6:HAL_TIM_IC_CaptureCallback	16	static
../Core/Src/main.c:457:6:GPIO_Init	16	static
../Core/Src/main.c:524:6:Timer3_Init	8	static
../Core/Src/main.c:576:6:Timer2_Init	56	static
../Core/Src/main.c:637:6:SystemClockConfig	96	static
../Core/Src/main.c:790:6:LSE_Config	8	static
../Core/Src/main.c:808:6:UART2_Init	8	static
../Core/Src/main.c:826:6:UART1_Init	8	static
../Core/Src/main.c:844:6:Error_handler	4	static
../Core/Src/main.c:850:6:MX_Jump	4	static
