c:\users\lenovo\desktop\pwmv2\winchfirmwarerelease\core\mavlink\checksum.h:35:20:crc_accumulate	24	static
c:\users\lenovo\desktop\pwmv2\winchfirmwarerelease\core\mavlink\checksum.h:52:20:crc_init	16	static
c:\users\lenovo\desktop\pwmv2\winchfirmwarerelease\core\mavlink\checksum.h:65:24:crc_calculate	24	static
c:\users\lenovo\desktop\pwmv2\winchfirmwarerelease\core\mavlink\checksum.h:85:20:crc_accumulate_buffer	32	static
c:\users\lenovo\desktop\pwmv2\winchfirmwarerelease\core\mavlink\mavlink_sha256.h:91:21:mavlink_sha256_init	16	static
c:\users\lenovo\desktop\pwmv2\winchfirmwarerelease\core\mavlink\mavlink_sha256.h:105:20:mavlink_sha256_calc	320	static
c:\users\lenovo\desktop\pwmv2\winchfirmwarerelease\core\mavlink\mavlink_sha256.h:152:21:mavlink_sha256_update	120	static
c:\users\lenovo\desktop\pwmv2\winchfirmwarerelease\core\mavlink\mavlink_sha256.h:192:21:mavlink_sha256_final_48	104	static
c:\users\lenovo\desktop\pwmv2\winchfirmwarerelease\core\mavlink\mavlink_helpers.h:23:34:mavlink_get_channel_status	16	static
c:\users\lenovo\desktop\pwmv2\winchfirmwarerelease\core\mavlink\mavlink_helpers.h:39:35:mavlink_get_channel_buffer	16	static
c:\users\lenovo\desktop\pwmv2\winchfirmwarerelease\core\mavlink\mavlink_helpers.h:73:24:mavlink_sign_packet	144	static
c:\users\lenovo\desktop\pwmv2\winchfirmwarerelease\core\mavlink\mavlink_helpers.h:111:24:_mav_trim_payload	16	static
c:\users\lenovo\desktop\pwmv2\winchfirmwarerelease\core\mavlink\mavlink_helpers.h:123:21:mavlink_signature_check	184	static
c:\users\lenovo\desktop\pwmv2\winchfirmwarerelease\core\mavlink\mavlink_helpers.h:217:25:mavlink_finalize_message_buffer	80	static
c:\users\lenovo\desktop\pwmv2\winchfirmwarerelease\core\mavlink\mavlink_helpers.h:286:25:mavlink_finalize_message_chan	40	static
c:\users\lenovo\desktop\pwmv2\winchfirmwarerelease\core\mavlink\mavlink_helpers.h:296:25:mavlink_finalize_message	32	static
c:\users\lenovo\desktop\pwmv2\winchfirmwarerelease\core\mavlink\mavlink_helpers.h:302:20:_mav_parse_error	16	static
c:\users\lenovo\desktop\pwmv2\winchfirmwarerelease\core\mavlink\mavlink_helpers.h:439:25:mavlink_msg_to_send_buffer	32	static
c:\users\lenovo\desktop\pwmv2\winchfirmwarerelease\core\mavlink\mavlink_helpers.h:492:21:mavlink_start_checksum	24	static
c:\users\lenovo\desktop\pwmv2\winchfirmwarerelease\core\mavlink\mavlink_helpers.h:499:21:mavlink_update_checksum	24	static
c:\users\lenovo\desktop\pwmv2\winchfirmwarerelease\core\mavlink\mavlink_helpers.h:510:43:mavlink_get_msg_entry	32	static
c:\users\lenovo\desktop\pwmv2\winchfirmwarerelease\core\mavlink\mavlink_helpers.h:582:24:mavlink_frame_char_buffer	40	static
c:\users\lenovo\desktop\pwmv2\winchfirmwarerelease\core\mavlink\mavlink_helpers.h:906:24:mavlink_frame_char	40	static
c:\users\lenovo\desktop\pwmv2\winchfirmwarerelease\core\mavlink\mavlink_helpers.h:984:24:mavlink_parse_char	40	static
c:\users\lenovo\desktop\pwmv2\winchfirmwarerelease\core\mavlink\protocol.h:172:20:mav_array_memcpy	24	static
C:/Users/LENOVO/Desktop/PWMV2/WinchFirmwareRelease/Core/Mavlink/common\mavlink_msg_param_request_read.h:59:24:mavlink_msg_param_request_read_pack	48	static
C:/Users/LENOVO/Desktop/PWMV2/WinchFirmwareRelease/Core/Mavlink/common\mavlink_msg_attitude.h:348:20:mavlink_msg_attitude_decode	24	static
C:/Users/LENOVO/Desktop/PWMV2/WinchFirmwareRelease/Core/Mavlink/common\mavlink_msg_request_data_stream.h:63:24:mavlink_msg_request_data_stream_pack	32	static
C:/Users/LENOVO/Desktop/PWMV2/WinchFirmwareRelease/Core/Mavlink/common\mavlink_msg_command_int.h:95:24:mavlink_msg_command_int_pack	88	static
C:/Users/LENOVO/Desktop/PWMV2/WinchFirmwareRelease/Core/Mavlink/common\mavlink_msg_command_int.h:492:20:mavlink_msg_command_int_decode	24	static
C:/Users/LENOVO/Desktop/PWMV2/WinchFirmwareRelease/Core/Mavlink/common\mavlink_msg_command_long.h:444:20:mavlink_msg_command_long_decode	24	static
C:/Users/LENOVO/Desktop/PWMV2/WinchFirmwareRelease/Core/Mavlink/common\mavlink_msg_command_ack.h:67:24:mavlink_msg_command_ack_pack	40	static
C:/Users/LENOVO/Desktop/PWMV2/WinchFirmwareRelease/Core/Mavlink/common\mavlink_msg_command_ack.h:324:20:mavlink_msg_command_ack_decode	24	static
C:/Users/LENOVO/Desktop/PWMV2/WinchFirmwareRelease/Core/Mavlink/common\mavlink_msg_battery_status.h:509:20:mavlink_msg_battery_status_decode	24	static
C:/Users/LENOVO/Desktop/PWMV2/WinchFirmwareRelease/Core/Mavlink/common\mavlink_msg_winch_status.h:75:24:mavlink_msg_winch_status_pack	88	static
c:\users\lenovo\desktop\pwmv2\winchfirmwarerelease\core\mavlink\minimal\mavlink_msg_heartbeat.h:66:24:mavlink_msg_heartbeat_pack	40	static
c:\users\lenovo\desktop\pwmv2\winchfirmwarerelease\core\mavlink\minimal\mavlink_msg_heartbeat.h:321:20:mavlink_msg_heartbeat_decode	24	static
../Core/Inc/myMav.h:34:6:MavLinkReceiveHoverCurr	392	static
../Core/Inc/myMav.h:63:6:MavLinkReceive	720	static
../Core/Inc/myMav.h:210:9:MavLinkTransfer	600	static
../Core/Inc/myMav.h:224:9:MavLinkRequestData	608	static
../Core/Inc/myMav.h:242:9:MavlinkHeartBeatSend	624	static
../Core/Inc/myMav.h:276:9:MavlinkDoCMDSend	624	static
../Core/Inc/myMav.h:298:9:MavlinkWinchStatus	608	static
../Core/Inc/myMav.h:319:9:MavlinkCmdAcknowledge	624	static
../Core/Src/main.c:130:6:MX_Universal_Init	8	static
../Core/Src/main.c:154:6:MX_Peripheral_Start_Init	8	static
../Core/Src/main.c:225:5:main	8	static
../Core/Src/main.c:303:13:MX_WINCH_START_SEQ	4	static
../Core/Src/main.c:318:6:MX_BomBay_Door_Open	16	static
../Core/Src/main.c:341:6:MX_BomBay_Door_Close	16	static
../Core/Src/main.c:365:6:MX_WINCH_DOWN_GP_RAMP_UP	16	static
../Core/Src/main.c:388:6:MX_WINCH_DOWN_MOTO_RAMP_UP_DOWN	16	static
../Core/Src/main.c:454:6:MX_WINCH_UP_MOTO_RAMP_UP_DOWN	32	static
../Core/Src/main.c:532:13:MX_SOFT_START_P_CONTROLLER_RAMP_UP	16	static
../Core/Src/main.c:551:6:MX_WINCH_P_CONTROLLER	88	static
../Core/Src/main.c:669:6:HAL_TIM_IC_CaptureCallback	32	static
../Core/Src/main.c:740:6:HAL_SYSTICK_Callback	8	static
../Core/Src/main.c:804:6:SystemClock_Config	88	static
../Core/Src/main.c:850:13:MX_ADC1_Init	24	static
../Core/Src/main.c:890:13:MX_I2C1_Init	8	static
../Core/Src/main.c:914:6:MX_UART1_Init	8	static
../Core/Src/main.c:937:6:MX_UART2_Init	8	static
../Core/Src/main.c:960:13:MX_TIM2_Init	56	static
../Core/Src/main.c:1013:13:MX_TIM3_Init	48	static
../Core/Src/main.c:1069:13:MX_TIM4_Init	32	static
../Core/Src/main.c:1105:13:MX_DMA_Init	16	static
../Core/Src/main.c:1123:13:MX_GPIO_Init	48	static
../Core/Src/main.c:1178:6:MX_Jump	4	static,ignoring_inline_asm
../Core/Src/main.c:1188:6:Error_Handler	4	static,ignoring_inline_asm
