../Core/Src/stm32f4xx_it.c:68:6:NMI_Handler	4	static
../Core/Src/stm32f4xx_it.c:83:6:HardFault_Handler	4	static
../Core/Src/stm32f4xx_it.c:98:6:MemManage_Handler	4	static
../Core/Src/stm32f4xx_it.c:113:6:BusFault_Handler	4	static
../Core/Src/stm32f4xx_it.c:128:6:UsageFault_Handler	4	static
../Core/Src/stm32f4xx_it.c:143:6:SVC_Handler	4	static
../Core/Src/stm32f4xx_it.c:156:6:DebugMon_Handler	4	static
../Core/Src/stm32f4xx_it.c:169:6:PendSV_Handler	4	static
../Core/Src/stm32f4xx_it.c:182:6:SysTick_Handler	8	static
../Core/Src/stm32f4xx_it.c:190:6:TIM4_IRQHandler	8	static
../Core/Src/stm32f4xx_it.c:196:6:USART1_IRQHandler	16	static
../Core/Src/stm32f4xx_it.c:269:6:USART2_IRQHandler	8	static
../Core/Src/stm32f4xx_it.c:286:6:EXTI0_IRQHandler	16	static
../Core/Src/stm32f4xx_it.c:330:6:EXTI3_IRQHandler	24	static
../Core/Src/stm32f4xx_it.c:364:6:I2C1_EV_IRQHandler	4	static
