../Core/Src/main.c:179:6:Universal_Inits	8	static
../Core/Src/main.c:196:5:main	16	static
../Core/Src/main.c:293:6:MX_SYS_Input	24	static
../Core/Src/main.c:353:6:HAL_TIM_IC_CaptureCallback	32	static
../Core/Src/main.c:431:6:HAL_SYSTICK_Callback	4	static
../Core/Src/main.c:491:6:MX_WINCH_START_SEQ	4	static
../Core/Src/main.c:505:6:MX_WINCH_UP_NO_PAYLOAD	16	static
../Core/Src/main.c:510:6:MX_BomBay_Door_Open	16	static
../Core/Src/main.c:533:6:MX_BomBay_Door_Close	16	static
../Core/Src/main.c:573:6:MX_WINCH_RESTART	8	static
../Core/Src/main.c:581:6:MX_WINCH_DOWN_GP_RAMP_UP	24	static
../Core/Src/main.c:606:6:MX_WINCH_DOWN_MOTO_RAMP_UP_DOWN	24	static
../Core/Src/main.c:678:6:MX_WINCH_UP_MOTO_RAMP_UP_DOWN	32	static
../Core/Src/main.c:757:6:GPIO_Init	16	static
../Core/Src/main.c:824:6:Timer3_Init	8	static
../Core/Src/main.c:876:6:Timer2_Init	56	static
../Core/Src/main.c:937:6:Timer4_Init	32	static
../Core/Src/main.c:977:13:MX_ADC1_Init	24	static
../Core/Src/main.c:1017:13:MX_DMA_Init	16	static
../Core/Src/main.c:1032:6:SystemClockConfig	96	static
../Core/Src/main.c:1185:6:LSE_Config	8	static
../Core/Src/main.c:1203:6:UART2_Init	8	static
../Core/Src/main.c:1221:6:UART1_Init	8	static
../Core/Src/main.c:1239:6:Error_handler	4	static,ignoring_inline_asm
../Core/Src/main.c:1246:6:MX_Jump	4	static,ignoring_inline_asm
