../Core/Src/main.c:75:6:Universal_Inits	8	static
../Core/Src/main.c:89:5:main	24	static
../Core/Src/main.c:144:6:MX_MOTO_RAMP_UP	16	static
../Core/Src/main.c:153:6:MX_MOTO_RAMP_DOWN	16	static
../Core/Src/main.c:164:6:GPIO_Init	80	static
../Core/Src/main.c:195:6:Timer3_Init	8	static
../Core/Src/main.c:245:6:Timer2_Init	8	static
../Core/Src/main.c:278:6:HAL_SYSTICK_Callback	8	static
../Core/Src/main.c:300:6:SystemClockConfig	96	static
../Core/Src/main.c:453:6:LSE_Config	8	static
../Core/Src/main.c:471:6:UART2_Init	8	static
../Core/Src/main.c:490:6:UART1_Init	8	static
../Core/Src/main.c:508:6:Error_handler	4	static
