../Core/Src/main.c:111:6:MX_Universal_Init	8	static
../Core/Src/main.c:131:6:MX_Peripheral_Start_Init	8	static
../Core/Src/main.c:160:5:main	8	static
../Core/Src/main.c:237:13:MX_WINCH_START_SEQ	4	static
../Core/Src/main.c:248:6:MX_BomBay_Door_Open	16	static
../Core/Src/main.c:271:6:MX_BomBay_Door_Close	16	static
../Core/Src/main.c:312:6:MX_WINCH_DOWN_GP_RAMP_UP	24	static
../Core/Src/main.c:335:6:MX_WINCH_DOWN_MOTO_RAMP_UP_DOWN	40	static
../Core/Src/main.c:386:6:MX_WINCH_UP_MOTO_RAMP_UP_DOWN	32	static
../Core/Src/main.c:472:6:HAL_TIM_IC_CaptureCallback	24	static
../Core/Src/main.c:539:6:HAL_SYSTICK_Callback	24	static
../Core/Src/main.c:585:6:SystemClock_Config	88	static
../Core/Src/main.c:631:13:MX_ADC1_Init	24	static
../Core/Src/main.c:671:13:MX_TIM2_Init	56	static
../Core/Src/main.c:724:13:MX_TIM3_Init	48	static
../Core/Src/main.c:780:13:MX_TIM4_Init	32	static
../Core/Src/main.c:816:13:MX_DMA_Init	16	static
../Core/Src/main.c:834:13:MX_GPIO_Init	48	static
../Core/Src/main.c:875:6:MX_Jump	4	static,ignoring_inline_asm
../Core/Src/main.c:885:6:Error_Handler	4	static,ignoring_inline_asm
