../Core/Src/main.c:149:6:MX_Universal_Init	8	static
../Core/Src/main.c:173:6:MX_Peripheral_Start_Init	16	static
../Core/Src/main.c:242:5:main	8	static
../Core/Src/main.c:318:13:MX_WINCH_START_SEQ	4	static
../Core/Src/main.c:331:6:MX_BomBay_Door_Open	16	static
../Core/Src/main.c:354:6:MX_BomBay_Door_Close	16	static
../Core/Src/main.c:377:6:MX_WINCH_DOWN_GP_RAMP_UP	24	static
../Core/Src/main.c:400:6:MX_WINCH_DOWN_MOTO_RAMP_UP_DOWN	24	static
../Core/Src/main.c:466:6:MX_WINCH_UP_MOTO_RAMP_UP_DOWN	32	static
../Core/Src/main.c:547:6:MX_WINCH_P_CONTROLLER	104	static
../Core/Src/main.c:636:6:HAL_TIM_IC_CaptureCallback	32	static
../Core/Src/main.c:711:6:HAL_SYSTICK_Callback	8	static
../Core/Src/main.c:768:6:SystemClock_Config	88	static
../Core/Src/main.c:814:13:MX_ADC1_Init	24	static
../Core/Src/main.c:854:13:MX_I2C1_Init	8	static
../Core/Src/main.c:877:6:MX_UART1_Init	8	static
../Core/Src/main.c:900:6:MX_UART2_Init	8	static
../Core/Src/main.c:923:13:MX_TIM2_Init	56	static
../Core/Src/main.c:976:13:MX_TIM3_Init	48	static
../Core/Src/main.c:1032:13:MX_TIM4_Init	32	static
../Core/Src/main.c:1068:13:MX_DMA_Init	16	static
../Core/Src/main.c:1086:13:MX_GPIO_Init	48	static
../Core/Src/main.c:1133:6:MX_Jump	4	static,ignoring_inline_asm
../Core/Src/main.c:1143:6:Error_Handler	4	static,ignoring_inline_asm
