../Core/Src/main.c:129:6:MX_Universal_Init	8	static
../Core/Src/main.c:153:6:MX_Peripheral_Start_Init	16	static
../Core/Src/main.c:222:5:main	16	static
../Core/Src/main.c:305:13:MX_WINCH_START_SEQ	4	static
../Core/Src/main.c:318:6:MX_BomBay_Door_Open	16	static
../Core/Src/main.c:341:6:MX_BomBay_Door_Close	16	static
../Core/Src/main.c:364:6:MX_WINCH_DOWN_GP_RAMP_UP	24	static
../Core/Src/main.c:387:6:MX_WINCH_DOWN_MOTO_RAMP_UP_DOWN	24	static
../Core/Src/main.c:453:6:MX_WINCH_UP_MOTO_RAMP_UP_DOWN	32	static
../Core/Src/main.c:534:6:MX_WINCH_P_CONTROLLER	104	static
../Core/Src/main.c:631:6:HAL_TIM_IC_CaptureCallback	32	static
../Core/Src/main.c:706:6:HAL_SYSTICK_Callback	8	static
../Core/Src/main.c:769:6:SystemClock_Config	88	static
../Core/Src/main.c:815:13:MX_ADC1_Init	24	static
../Core/Src/main.c:855:13:MX_I2C1_Init	8	static
../Core/Src/main.c:878:6:MX_UART1_Init	8	static
../Core/Src/main.c:901:6:MX_UART2_Init	8	static
../Core/Src/main.c:924:13:MX_TIM2_Init	56	static
../Core/Src/main.c:977:13:MX_TIM3_Init	48	static
../Core/Src/main.c:1033:13:MX_TIM4_Init	32	static
../Core/Src/main.c:1069:13:MX_DMA_Init	16	static
../Core/Src/main.c:1087:13:MX_GPIO_Init	48	static
../Core/Src/main.c:1142:6:MX_Jump	4	static,ignoring_inline_asm
../Core/Src/main.c:1152:6:Error_Handler	4	static,ignoring_inline_asm
