../Core/Src/stm32f4xx_it.c:60:6:NMI_Handler	4	static
../Core/Src/stm32f4xx_it.c:70:6:HardFault_Handler	4	static
../Core/Src/stm32f4xx_it.c:79:6:MemManage_Handler	4	static
../Core/Src/stm32f4xx_it.c:87:6:BusFault_Handler	4	static
../Core/Src/stm32f4xx_it.c:96:6:UsageFault_Handler	4	static
../Core/Src/stm32f4xx_it.c:105:6:SVC_Handler	4	static
../Core/Src/stm32f4xx_it.c:113:6:DebugMon_Handler	4	static
../Core/Src/stm32f4xx_it.c:121:6:PendSV_Handler	4	static
../Core/Src/stm32f4xx_it.c:129:6:SysTick_Handler	8	static
../Core/Src/stm32f4xx_it.c:142:6:ADC_IRQHandler	8	static
../Core/Src/stm32f4xx_it.c:150:6:DMA2_Stream0_IRQHandler	8	static
../Core/Src/stm32f4xx_it.c:160:6:OTG_FS_IRQHandler	8	static
../Core/Src/stm32f4xx_it.c:170:6:TIM2_IRQHandler	8	static
../Core/Src/stm32f4xx_it.c:183:6:TIM4_IRQHandler	8	static
../Core/Src/stm32f4xx_it.c:193:6:EXTI0_IRQHandler	8	static
../Core/Src/stm32f4xx_it.c:223:6:EXTI3_IRQHandler	16	static
